이미 등록된 상품 60개는 건너뜁니다 (registered_log.json 참고, --force로 강제 재등록 가능).
30개 상품 처리 시작 (dry_run=False)

=== UniFi Intercom Viewer Table Stand ===
  대표이미지: /Users/cheil/Library/CloudStorage/GoogleDrive-jjh3533@gmail.com/내 드라이브/TBD Seoul/Product Images/UniFi Intercom Viewer Table Stand/uacc-intercom-viewer-ts-1.png
  추가이미지 4장 (최대 4장까지만 사용)
  상세페이지 이미지 8장
  [성공] originProductNo=13626702685 smartstoreChannelProductNo=13686915416

=== UniFi Gate Hub ===
  대표이미지: /Users/cheil/Library/CloudStorage/GoogleDrive-jjh3533@gmail.com/내 드라이브/TBD Seoul/Product Images/UniFi Gate Hub/ua-hub-gate-1.png
  추가이미지 4장 (최대 4장까지만 사용)
  상세페이지 이미지 8장
  [성공] originProductNo=13626702714 smartstoreChannelProductNo=13686915446

=== UniFi Intercom Flush Mount ===
  대표이미지: /Users/cheil/Library/CloudStorage/GoogleDrive-jjh3533@gmail.com/내 드라이브/TBD Seoul/Product Images/UniFi Intercom Flush Mount/uacc-intercom-fm-1.png
  추가이미지 4장 (최대 4장까지만 사용)
  상세페이지 이미지 8장
  [성공] originProductNo=13626702734 smartstoreChannelProductNo=13686915466

=== UniFi Junction Utility ===
  대표이미지: /Users/cheil/Library/CloudStorage/GoogleDrive-jjh3533@gmail.com/내 드라이브/TBD Seoul/Product Images/UniFi Junction Utility/uacc-junction-utility-1.png
  추가이미지 4장 (최대 4장까지만 사용)
  상세페이지 이미지 8장
  [성공] originProductNo=13626702754 smartstoreChannelProductNo=13686915486

=== UniFi Magnetic Lock ===
  대표이미지: /Users/cheil/Library/CloudStorage/GoogleDrive-jjh3533@gmail.com/내 드라이브/TBD Seoul/Product Images/UniFi Magnetic Lock/ua-lock-magnetic-1.png
  추가이미지 4장 (최대 4장까지만 사용)
  상세페이지 이미지 10장
  [성공] originProductNo=13626702788 smartstoreChannelProductNo=13686915520

=== UniFi Gate Starter Kit ===
  대표이미지: /Users/cheil/Library/CloudStorage/GoogleDrive-jjh3533@gmail.com/내 드라이브/TBD Seoul/Product Images/UniFi Gate Starter Kit/ua-sk-gate-1.png
  추가이미지 4장 (최대 4장까지만 사용)
  상세페이지 이미지 8장
  [성공] originProductNo=13626702810 smartstoreChannelProductNo=13686915543

=== UniFi Door Hub Mini ===
  대표이미지: /Users/cheil/Library/CloudStorage/GoogleDrive-jjh3533@gmail.com/내 드라이브/TBD Seoul/Product Images/UniFi Door Hub Mini/ua-hub-door-mini-1.png
  추가이미지 4장 (최대 4장까지만 사용)
  상세페이지 이미지 10장
  [성공] originProductNo=13626702834 smartstoreChannelProductNo=13686915567

=== UniFi Intercom Viewer ===
  대표이미지: /Users/cheil/Library/CloudStorage/GoogleDrive-jjh3533@gmail.com/내 드라이브/TBD Seoul/Product Images/UniFi Intercom Viewer/ua-intercom-viewer-1.png
  추가이미지 4장 (최대 4장까지만 사용)
  상세페이지 이미지 10장
  [성공] originProductNo=13626702873 smartstoreChannelProductNo=13686915609

=== UniFi Intercom Surface Angle Mount ===
  대표이미지: /Users/cheil/Library/CloudStorage/GoogleDrive-jjh3533@gmail.com/내 드라이브/TBD Seoul/Product Images/UniFi Intercom Surface Angle Mount/uacc-intercom-sam-1.png
  추가이미지 4장 (최대 4장까지만 사용)
  상세페이지 이미지 8장
  [성공] originProductNo=13626702908 smartstoreChannelProductNo=13686915644

=== UniFi Reader Pro Junction Box ===
  대표이미지: /Users/cheil/Library/CloudStorage/GoogleDrive-jjh3533@gmail.com/내 드라이브/TBD Seoul/Product Images/UniFi Reader Pro Junction Box/uacc-reader-pro-jb-1.png
  추가이미지 4장 (최대 4장까지만 사용)
  상세페이지 이미지 8장
  [성공] originProductNo=13626702945 smartstoreChannelProductNo=13686915681

=== UniFi G6 Entry ===
  대표이미지: /Users/cheil/Library/CloudStorage/GoogleDrive-jjh3533@gmail.com/내 드라이브/TBD Seoul/Product Images/UniFi G6 Entry/uvc-g6-entry-1.png
  추가이미지 4장 (최대 4장까지만 사용)
  상세페이지 이미지 10장
  [성공] originProductNo=13626702967 smartstoreChannelProductNo=13686915704

=== UniFi G3 Elevator Starter Kit ===
  대표이미지: /Users/cheil/Library/CloudStorage/GoogleDrive-jjh3533@gmail.com/내 드라이브/TBD Seoul/Product Images/UniFi G3 Elevator Starter Kit/ua-g3-sk-elevator-1.png
  추가이미지 4장 (최대 4장까지만 사용)
  상세페이지 이미지 8장
  [성공] originProductNo=13626702996 smartstoreChannelProductNo=13686915733

=== UniFi Access Button ===
  대표이미지: /Users/cheil/Library/CloudStorage/GoogleDrive-jjh3533@gmail.com/내 드라이브/TBD Seoul/Product Images/UniFi Access Button/ua-button-1.png
  추가이미지 4장 (최대 4장까지만 사용)
  상세페이지 이미지 10장
  [성공] originProductNo=13626703028 smartstoreChannelProductNo=13686915766

=== UniFi Door Lock Relay Cable ===
  대표이미지: /Users/cheil/Library/CloudStorage/GoogleDrive-jjh3533@gmail.com/내 드라이브/TBD Seoul/Product Images/UniFi Door Lock Relay Cable/uacc-cable-doorlockrelay-1.png
  추가이미지 4장 (최대 4장까지만 사용)
  상세페이지 이미지 8장
  [오류] UniFi Door Lock Relay Cable: 이미지 업로드 실패 (['/Users/cheil/Library/CloudStorage/GoogleDrive-jjh3533@gmail.com/내 드라이브/TBD Seoul/Product Images/UniFi Door Lock Relay Cable/uacc-cable-doorlockrelay-2.png', '/Users/cheil/Library/CloudStorage/GoogleDrive-jjh3533@gmail.com/내 드라이브/TBD Seoul/Product Images/UniFi Door Lock Relay Cable/uacc-cable-doorlockrelay-3.webp', '/Users/cheil/Library/CloudStorage/GoogleDrive-jjh3533@gmail.com/내 드라이브/TBD Seoul/Product Images/UniFi Door Lock Relay Cable/uacc-cable-doorlockrelay-4.png', '/Users/cheil/Library/CloudStorage/GoogleDrive-jjh3533@gmail.com/내 드라이브/TBD Seoul/Product Images/UniFi Door Lock Relay Cable/uacc-cable-doorlockrelay-5.webp']): 400 {"code":"BAD_REQUEST","message":"이미지 업로드중 오류가 발생하였습니다.","invalidInputs":[{"name":"imageFiles[1]","type":"PhotoInfraUpload.extension","message":"JPEG, JPG, GIF, PNG, BMP 파일만 업로드가 가능합니다."}],"timestamp":"2026-07-29T22:22:10.096+09:00"}

=== UniFi Door Hub ===
  대표이미지: /Users/cheil/Library/CloudStorage/GoogleDrive-jjh3533@gmail.com/내 드라이브/TBD Seoul/Product Images/UniFi Door Hub/ua-hub-door-1.png
  추가이미지 4장 (최대 4장까지만 사용)
  상세페이지 이미지 10장
  [성공] originProductNo=13626703137 smartstoreChannelProductNo=13686915877

=== UniFi Enterprise Access Hub ===
  대표이미지: /Users/cheil/Library/CloudStorage/GoogleDrive-jjh3533@gmail.com/내 드라이브/TBD Seoul/Product Images/UniFi Enterprise Access Hub/eah-8-1.png
  추가이미지 4장 (최대 4장까지만 사용)
  상세페이지 이미지 10장
  [성공] originProductNo=13626703214 smartstoreChannelProductNo=13686915954

=== UniFi Access Card (10-Pack) ===
  [오류] UniFi Access Card (10-Pack): 대표이미지를 찾을 수 없음: /Users/cheil/Library/CloudStorage/GoogleDrive-jjh3533@gmail.com/내 드라이브/TBD Seoul/Product Images/UniFi Access Card (10-Pack)

=== UniFi Pocket Keyfob, 10-Pack ===
  대표이미지: /Users/cheil/Library/CloudStorage/GoogleDrive-jjh3533@gmail.com/내 드라이브/TBD Seoul/Product Images/UniFi Pocket Keyfob, 10-Pack/ua-pocket-1.png
  추가이미지 3장 (최대 4장까지만 사용)
  상세페이지 이미지 8장
  [성공] originProductNo=13626703230 smartstoreChannelProductNo=13686915970

=== UniFi Intercom Wedge Mount ===
  대표이미지: /Users/cheil/Library/CloudStorage/GoogleDrive-jjh3533@gmail.com/내 드라이브/TBD Seoul/Product Images/UniFi Intercom Wedge Mount/uacc-intercom-wm-1.png
  추가이미지 4장 (최대 4장까지만 사용)
  상세페이지 이미지 8장
  [성공] originProductNo=13626703254 smartstoreChannelProductNo=13686915994

=== UniFi Intercom Sunshield ===
  대표이미지: /Users/cheil/Library/CloudStorage/GoogleDrive-jjh3533@gmail.com/내 드라이브/TBD Seoul/Product Images/UniFi Intercom Sunshield/uacc-intercom-sunshield-1.png
  추가이미지 4장 (최대 4장까지만 사용)
  상세페이지 이미지 8장
  [성공] originProductNo=13626703278 smartstoreChannelProductNo=13686916018

=== UniFi Reader Pro Angle Mount ===
  대표이미지: /Users/cheil/Library/CloudStorage/GoogleDrive-jjh3533@gmail.com/내 드라이브/TBD Seoul/Product Images/UniFi Reader Pro Angle Mount/uacc-reader-pro-am-1.png
  추가이미지 4장 (최대 4장까지만 사용)
  상세페이지 이미지 8장
  [성공] originProductNo=13626703296 smartstoreChannelProductNo=13686916036

=== UniFi Door Closer ===
  대표이미지: /Users/cheil/Library/CloudStorage/GoogleDrive-jjh3533@gmail.com/내 드라이브/TBD Seoul/Product Images/UniFi Door Closer/uacc-doorcloser-us-1.png
  추가이미지 4장 (최대 4장까지만 사용)
  상세페이지 이미지 8장
  [성공] originProductNo=13626703322 smartstoreChannelProductNo=13686916062

=== UniFi PoE Over 2-Wire Retrofit Extender ===
  대표이미지: /Users/cheil/Library/CloudStorage/GoogleDrive-jjh3533@gmail.com/내 드라이브/TBD Seoul/Product Images/UniFi PoE Over 2-Wire Retrofit Extender/uacc-retrofit-poe-2wire-1.png
  추가이미지 4장 (최대 4장까지만 사용)
  상세페이지 이미지 8장
  [성공] originProductNo=13626703350 smartstoreChannelProductNo=13686916091

=== UniFi Reader Pro ===
  대표이미지: /Users/cheil/Library/CloudStorage/GoogleDrive-jjh3533@gmail.com/내 드라이브/TBD Seoul/Product Images/UniFi Reader Pro/ua-g3-pro-1.png
  추가이미지 4장 (최대 4장까지만 사용)
  상세페이지 이미지 10장
  [성공] originProductNo=13626703381 smartstoreChannelProductNo=13686916122

=== UniFi Retrofit Hub ===
  대표이미지: /Users/cheil/Library/CloudStorage/GoogleDrive-jjh3533@gmail.com/내 드라이브/TBD Seoul/Product Images/UniFi Retrofit Hub/ua-retrofit-hub-2-1.png
  추가이미지 4장 (최대 4장까지만 사용)
  상세페이지 이미지 8장
  [성공] originProductNo=13626703401 smartstoreChannelProductNo=13686916141

=== UniFi Reader Flex ===
  대표이미지: /Users/cheil/Library/CloudStorage/GoogleDrive-jjh3533@gmail.com/내 드라이브/TBD Seoul/Product Images/UniFi Reader Flex/ua-g3-flex-1.png
  추가이미지 4장 (최대 4장까지만 사용)
  상세페이지 이미지 10장
  [성공] originProductNo=13626703424 smartstoreChannelProductNo=13686916165

=== UniFi Panic Bar ===
  대표이미지: /Users/cheil/Library/CloudStorage/GoogleDrive-jjh3533@gmail.com/내 드라이브/TBD Seoul/Product Images/UniFi Panic Bar/uacc-panicbar-1.png
  추가이미지 4장 (최대 4장까지만 사용)
  상세페이지 이미지 8장
  [성공] originProductNo=13626703447 smartstoreChannelProductNo=13686916188

=== UniFi Access Ultra ===
  대표이미지: /Users/cheil/Library/CloudStorage/GoogleDrive-jjh3533@gmail.com/내 드라이브/TBD Seoul/Product Images/UniFi Access Ultra/ua-ultra-1.png
  추가이미지 4장 (최대 4장까지만 사용)
  상세페이지 이미지 10장
  [성공] originProductNo=13626703472 smartstoreChannelProductNo=13686916213

=== UniFi Access Rescue KeySwitch ===
  대표이미지: /Users/cheil/Library/CloudStorage/GoogleDrive-jjh3533@gmail.com/내 드라이브/TBD Seoul/Product Images/UniFi Access Rescue KeySwitch/ua-rescue-1.png
  추가이미지 4장 (최대 4장까지만 사용)
  상세페이지 이미지 8장
  [성공] originProductNo=13626703493 smartstoreChannelProductNo=13686916234

=== UniFi Retrofit PSU 12V ===
  대표이미지: /Users/cheil/Library/CloudStorage/GoogleDrive-jjh3533@gmail.com/내 드라이브/TBD Seoul/Product Images/UniFi Retrofit PSU 12V/uacc-retrofit-psu-12v-1.png
  추가이미지 4장 (최대 4장까지만 사용)
  상세페이지 이미지 8장
  [성공] originProductNo=13626703557 smartstoreChannelProductNo=13686916282
